[0m15:32:09.760943 [debug] [MainThread]: Sending event: {'category': 'dbt', 'action': 'invocation', 'label': 'start', 'context': [<snowplow_tracker.self_describing_json.SelfDescribingJson object at 0x7fe49cf23e60>, <snowplow_tracker.self_describing_json.SelfDescribingJson object at 0x7fe49cde0d70>, <snowplow_tracker.self_describing_json.SelfDescribingJson object at 0x7fe49ce18bf0>]}


============================== 15:32:09.764728 | ff94f465-6a88-409c-8915-0f9b1a25a313 ==============================
[0m15:32:09.764728 [info ] [MainThread]: Running with dbt=1.7.13
[0m15:32:09.765335 [debug] [MainThread]: running dbt with arguments {'printer_width': '80', 'indirect_selection': 'eager', 'write_json': 'True', 'log_cache_events': 'False', 'partial_parse': 'True', 'cache_selected_only': 'False', 'profiles_dir': '/home/sam/.dbt', 'version_check': 'True', 'debug': 'False', 'log_path': 'logs', 'warn_error': 'None', 'fail_fast': 'False', 'use_colors': 'True', 'use_experimental_parser': 'False', 'no_print': 'None', 'quiet': 'False', 'warn_error_options': 'WarnErrorOptions(include=[], exclude=[])', 'introspect': 'True', 'static_parser': 'True', 'log_format': 'default', 'target_path': 'None', 'invocation_command': 'dbt debug', 'send_anonymous_usage_stats': 'True'}
[0m15:32:09.765956 [info ] [MainThread]: dbt version: 1.7.13
[0m15:32:09.766353 [info ] [MainThread]: python version: 3.12.4
[0m15:32:09.766731 [info ] [MainThread]: python path: /home/sam/.pyenv/versions/3.12.4/bin/python3.12
[0m15:32:09.767099 [info ] [MainThread]: os info: Linux-7.1.5-arch1-2-x86_64-with-glibc2.44
[0m15:32:09.767593 [info ] [MainThread]: Using profiles dir at /home/sam/.dbt
[0m15:32:09.768037 [info ] [MainThread]: Using profiles.yml file at /home/sam/.dbt/profiles.yml
[0m15:32:09.768472 [info ] [MainThread]: Using dbt_project.yml file at /home/sam/projects/Self-healing-pipeline/dbt_project.yml
[0m15:32:09.768941 [info ] [MainThread]: Configuration:
[0m15:32:09.769306 [info ] [MainThread]:   profiles.yml file [[31mERROR not found[0m]
[0m15:32:09.769690 [info ] [MainThread]:   dbt_project.yml file [[31mERROR not found[0m]
[0m15:32:09.770048 [info ] [MainThread]: Required dependencies:
[0m15:32:09.770476 [debug] [MainThread]: Executing "git --help"
[0m15:32:09.773065 [debug] [MainThread]: STDOUT: "b"usage: git [-v | --version] [-h | --help] [-C <path>] [-c <name>=<value>]\n           [--exec-path[=<path>]] [--html-path] [--man-path] [--info-path]\n           [-p | --paginate | -P | --no-pager] [--no-replace-objects] [--no-lazy-fetch]\n           [--no-optional-locks] [--no-advice] [--bare] [--git-dir=<path>]\n           [--work-tree=<path>] [--namespace=<name>] [--config-env=<name>=<envvar>]\n           <command> [<args>]\n\nThese are common Git commands used in various situations:\n\nstart a working area (see also: git help tutorial)\n   clone      Clone a repository into a new directory\n   init       Create an empty Git repository or reinitialize an existing one\n\nwork on the current change (see also: git help everyday)\n   add        Add file contents to the index\n   mv         Move or rename a file, a directory, or a symlink\n   restore    Restore working tree files\n   rm         Remove files from the working tree and from the index\n\nexamine the history and state (see also: git help revisions)\n   bisect     Use binary search to find the commit that introduced a bug\n   diff       Show changes between commits, commit and working tree, etc\n   grep       Print lines matching a pattern\n   log        Show commit logs\n   show       Show various types of objects\n   status     Show the working tree status\n\ngrow, mark and tweak your common history\n   backfill   Download missing objects in a partial clone\n   branch     List, create, or delete branches\n   commit     Record changes to the repository\n   history    EXPERIMENTAL: Rewrite history\n   merge      Join two or more development histories together\n   rebase     Reapply commits on top of another base tip\n   reset      Set `HEAD` or the index to a known state\n   switch     Switch branches\n   tag        Create, list, delete or verify tags\n\ncollaborate (see also: git help workflows)\n   fetch      Download objects and refs from another repository\n   pull       Fetch from and integrate with another repository or a local branch\n   push       Update remote refs along with associated objects\n\n'git help -a' and 'git help -g' list available subcommands and some\nconcept guides. See 'git help <command>' or 'git help <concept>'\nto read about a specific subcommand or concept.\nSee 'git help git' for an overview of the system.\n""
[0m15:32:09.773605 [debug] [MainThread]: STDERR: "b''"
[0m15:32:09.774006 [info ] [MainThread]:  - git [[32mOK found[0m]

[0m15:32:09.774458 [info ] [MainThread]: Connection test skipped since no profile was found
[0m15:32:09.775061 [info ] [MainThread]: [31m2 checks failed:[0m
[0m15:32:09.775493 [info ] [MainThread]: dbt looked for a profiles.yml file in /home/sam/.dbt/profiles.yml, but did
not find one. For more information on configuring your profile, consult the
documentation:

https://docs.getdbt.com/docs/configure-your-profile


[0m15:32:09.775898 [info ] [MainThread]: Project loading failed for the following reason:
 project path </home/sam/projects/Self-healing-pipeline/dbt_project.yml> not found

[0m15:32:09.777267 [debug] [MainThread]: Resource report: {"command_name": "debug", "command_wall_clock_time": 0.0196015, "process_user_time": 2.208136, "process_kernel_time": 0.171811, "process_mem_max_rss": "104264", "process_in_blocks": "68080", "process_out_blocks": "16", "command_success": false}
[0m15:32:09.777796 [debug] [MainThread]: Command `dbt debug` failed at 15:32:09.777655 after 0.02 seconds
[0m15:32:09.778200 [debug] [MainThread]: Sending event: {'category': 'dbt', 'action': 'invocation', 'label': 'end', 'context': [<snowplow_tracker.self_describing_json.SelfDescribingJson object at 0x7fe49d053f20>, <snowplow_tracker.self_describing_json.SelfDescribingJson object at 0x7fe49e81e420>, <snowplow_tracker.self_describing_json.SelfDescribingJson object at 0x7fe49cc47770>]}
[0m15:32:09.778640 [debug] [MainThread]: Flushing usage events
